<?php return array (
  0 => 'Symfony\\Bundle\\FrameworkBundle\\Controller\\AbstractController',
  1 => 'App\\Controller\\AccueilController',
  2 => 'App\\Controller\\AdminController',
  3 => 'App\\Controller\\AnimalController',
  4 => 'App\\Controller\\ConnecteController',
  5 => 'App\\Controller\\DashboardController',
  6 => 'App\\Controller\\EmployéController',
  7 => 'App\\Controller\\HabitatController',
  8 => 'App\\Controller\\RapportController',
  9 => 'App\\Controller\\ServiceController',
  10 => 'App\\Controller\\UserController',
  11 => 'App\\Controller\\VétérinaireController',
  12 => 'App\\Entity\\Animal',
  13 => 'App\\Entity\\Avis',
  14 => 'App\\Entity\\Contact',
  15 => 'App\\Entity\\Habitat',
  16 => 'App\\Entity\\Image',
  17 => 'App\\Entity\\Jours',
  18 => 'App\\Entity\\Nourriture',
  19 => 'App\\Entity\\Rapport',
  20 => 'App\\Entity\\Roles',
  21 => 'App\\Entity\\Service',
  22 => 'App\\Entity\\Statistique',
  23 => 'App\\Entity\\Utilisateur',
  24 => 'Doctrine\\Bundle\\DoctrineBundle\\Controller\\ProfilerController',
  25 => 'Doctrine\\ORM\\Cache\\Persister\\Entity\\AbstractEntityPersister',
  26 => 'Doctrine\\ORM\\Cache\\Persister\\Entity\\CachedEntityPersister',
  27 => 'Doctrine\\ORM\\Cache\\Persister\\Entity\\NonStrictReadWriteCachedEntityPersister',
  28 => 'Doctrine\\ORM\\Cache\\Persister\\Entity\\ReadOnlyCachedEntityPersister',
  29 => 'Doctrine\\ORM\\Cache\\Persister\\Entity\\ReadWriteCachedEntityPersister',
  30 => 'Doctrine\\ORM\\Persisters\\Entity\\AbstractEntityInheritancePersister',
  31 => 'Doctrine\\ORM\\Persisters\\Entity\\BasicEntityPersister',
  32 => 'Doctrine\\ORM\\Persisters\\Entity\\CachedPersisterContext',
  33 => 'Doctrine\\ORM\\Persisters\\Entity\\EntityPersister',
  34 => 'Doctrine\\ORM\\Persisters\\Entity\\JoinedSubclassPersister',
  35 => 'Doctrine\\ORM\\Persisters\\Entity\\SingleTablePersister',
  37 => 'Symfony\\Bundle\\FrameworkBundle\\Controller\\ControllerResolver',
  38 => 'Symfony\\Bundle\\FrameworkBundle\\Controller\\RedirectController',
  39 => 'Symfony\\Bundle\\FrameworkBundle\\Controller\\TemplateController',
  40 => 'Symfony\\Bundle\\WebProfilerBundle\\Controller\\ExceptionPanelController',
  41 => 'Symfony\\Bundle\\WebProfilerBundle\\Controller\\ProfilerController',
  42 => 'Symfony\\Bundle\\WebProfilerBundle\\Controller\\RouterController',
  43 => 'Symfony\\Component\\HttpKernel\\Controller\\ArgumentResolver',
  44 => 'Symfony\\Component\\HttpKernel\\Controller\\ArgumentResolverInterface',
  45 => 'Symfony\\Component\\HttpKernel\\Controller\\ArgumentResolver\\BackedEnumValueResolver',
  46 => 'Symfony\\Component\\HttpKernel\\Controller\\ArgumentResolver\\DateTimeValueResolver',
  47 => 'Symfony\\Component\\HttpKernel\\Controller\\ArgumentResolver\\DefaultValueResolver',
  48 => 'Symfony\\Component\\HttpKernel\\Controller\\ArgumentResolver\\NotTaggedControllerValueResolver',
  49 => 'Symfony\\Component\\HttpKernel\\Controller\\ArgumentResolver\\RequestAttributeValueResolver',
  50 => 'Symfony\\Component\\HttpKernel\\Controller\\ArgumentResolver\\RequestValueResolver',
  51 => 'Symfony\\Component\\HttpKernel\\Controller\\ArgumentResolver\\ServiceValueResolver',
  52 => 'Symfony\\Component\\HttpKernel\\Controller\\ArgumentResolver\\SessionValueResolver',
  53 => 'Symfony\\Component\\HttpKernel\\Controller\\ArgumentResolver\\TraceableValueResolver',
  54 => 'Symfony\\Component\\HttpKernel\\Controller\\ArgumentResolver\\UidValueResolver',
  55 => 'Symfony\\Component\\HttpKernel\\Controller\\ArgumentResolver\\VariadicValueResolver',
  56 => 'Symfony\\Component\\HttpKernel\\Controller\\ArgumentValueResolverInterface',
  57 => 'Symfony\\Component\\HttpKernel\\Controller\\ContainerControllerResolver',
  58 => 'Symfony\\Component\\HttpKernel\\Controller\\ControllerReference',
  59 => 'Symfony\\Component\\HttpKernel\\Controller\\ControllerResolver',
  60 => 'Symfony\\Component\\HttpKernel\\Controller\\ControllerResolverInterface',
  61 => 'Symfony\\Component\\HttpKernel\\Controller\\ErrorController',
  62 => 'Symfony\\Component\\HttpKernel\\Controller\\TraceableArgumentResolver',
  63 => 'Symfony\\Component\\HttpKernel\\Controller\\TraceableControllerResolver',
  64 => 'Symfony\\Component\\Security\\Http\\Controller\\UserValueResolver',
);